// Jest Snapshot v1, https://goo.gl/fbAQLP

exports[`Checkbox component renders with correct props 1`] = `
<div
  class="sc-beySPh ftvDKx"
  data-testid="checkbox-container"
>
  <div
    class="sc-guDLey gUihLF"
  >
    <svg
      color="#fff"
      fill="none"
      height="7"
      width="10"
      xmlns="http://www.w3.org/2000/svg"
    >
      <path
        d="M9 1 3.5 6 1 3.727"
        stroke="#fff"
        stroke-linecap="round"
        stroke-linejoin="round"
        stroke-width="1.2"
      />
    </svg>
  </div>
  <div
    class="sc-dmyCSP dLnuKV"
    title="label (3)"
  >
    <span
      class="sc-hLQSwg tXaHH"
    >
      label
    </span>
    <span
      class="sc-eDLKkx fVYwBA"
    >
      (
      3
      )
    </span>
  </div>
</div>
`;
