// Jest Snapshot v1, https://goo.gl/fbAQLP

exports[`ProductItem component renders with correct props 1`] = `
<div
  class="sc-dmyCSP fdHOWZ"
  data-testid="ProductItem"
>
  <div
    class="sc-hLQSwg jJSUZT"
  >
    <img
      alt="Product A"
      src="defaultImage.png"
    />
  </div>
  <div
    class="sc-guDLey dDYrwN"
  >
    <div
      class="sc-eDLKkx gcxRue"
    >
      <span>
        â‚º
      </span>
       
      10.99
    </div>
    <div
      class="sc-jTQCzO hopybM"
    >
      Product A
    </div>
  </div>
  <button
    class="sc-beySPh hqIXqv"
  >
    Add
  </button>
</div>
`;
