// Jest Snapshot v1, https://goo.gl/fbAQLP

exports[`Button component renders correctly with default props 1`] = `
<div>
  <button
    class="sc-beySPh hqIXqv"
  >
    Default Button
  </button>
</div>
`;
